stmt1 line=1 label= kind=PROGRAM text=PROGRAM TEST
stmt2 line=2 label= kind=INTEGER_DECL text=INTEGER I
stmt3 line=3 label= kind=DIMENSION_DECL text=DIMENSION A(10)
stmt4 line=4 label= kind=ASSIGN text=I = 0
stmt5 line=5 label= kind=GOTO text=GOTO 100
stmt6 line=6 label= kind=IF_GOTO text=IF (I) GOTO 200
stmt7 line=7 label= kind=DO text=DO 100 I = 1, 10
stmt8 line=8 label=100 kind=CONTINUE text=CONTINUE
stmt9 line=9 label= kind=PRINT text=PRINT *, I
stmt10 line=10 label= kind=READ text=READ *, I
stmt11 line=11 label= kind=STOP text=STOP
stmt12 line=12 label= kind=END text=END
